=== flickr30k_k1k ===
Loaded cached features for 1000 images.
5000 queries over 1000 images (flickr30k_k1k)

[Q] DCKF-Q reference and beta / k sweeps
  DCKF-Q beta=0.9 k=2 (ref; 3967 expanded) R@1 0.5916  R@5 0.8372  R@10 0.9014 | vs base +0.46 CI[+0.16,+0.76] p=0.0023
  DCKF-Q beta=0.5 k=2                    R@1 0.5838  R@5 0.8358  R@10 0.8980 | vs base -0.32 CI[-0.92,+0.28] p=0.8520
  DCKF-Q beta=0.7 k=2                    R@1 0.5892  R@5 0.8372  R@10 0.9008 | vs base +0.22 CI[-0.26,+0.72] p=0.2007
  DCKF-Q beta=0.8 k=2                    R@1 0.5912  R@5 0.8370  R@10 0.9012 | vs base +0.42 CI[+0.02,+0.82] p=0.0210
  DCKF-Q beta=0.95 k=2                   R@1 0.5908  R@5 0.8370  R@10 0.9008 | vs base +0.38 CI[+0.16,+0.60] p=0.0008
  DCKF-Q beta=1.0 k=2                    R@1 0.5870  R@5 0.8350  R@10 0.8998 | vs base +0.00 CI[+0.00,+0.00] p=1.0000
  DCKF-Q beta=0.9 k=1 (3967 expanded)    R@1 0.5922  R@5 0.8378  R@10 0.9014 | vs base +0.52 CI[+0.24,+0.82] p=0.0001
  DCKF-Q beta=0.9 k=3 (3967 expanded)    R@1 0.5920  R@5 0.8384  R@10 0.9018 | vs base +0.50 CI[+0.18,+0.82] p=0.0009
  DCKF-Q beta=0.9 k=4 (3967 expanded)    R@1 0.5918  R@5 0.8382  R@10 0.9012 | vs base +0.48 CI[+0.16,+0.80] p=0.0016

[PRF] pseudo-relevance feedback: query fused with centroid of top-k baseline images
  PRF k=1 beta=0.9                       R@1 0.5870  R@5 0.8254  R@10 0.8884 | vs base +0.00 CI[+0.00,+0.00] p=1.0000 | vs DCKF-Q -0.46 p=0.9987
  PRF k=3 beta=0.7                       R@1 0.5526  R@5 0.8156  R@10 0.8662 | vs base -3.44 CI[-4.30,-2.58] p=1.0000 | vs DCKF-Q -3.90 p=1.0000
  PRF k=3 beta=0.8                       R@1 0.5664  R@5 0.8216  R@10 0.8796 | vs base -2.06 CI[-2.78,-1.36] p=1.0000 | vs DCKF-Q -2.52 p=1.0000
  PRF k=3 beta=0.9                       R@1 0.5814  R@5 0.8302  R@10 0.8910 | vs base -0.56 CI[-1.06,-0.04] p=0.9849 | vs DCKF-Q -1.02 p=0.9998
  PRF k=3 beta=0.95                      R@1 0.5868  R@5 0.8354  R@10 0.8978 | vs base -0.02 CI[-0.38,+0.34] p=0.5669 | vs DCKF-Q -0.48 p=0.9943
  PRF k=5 beta=0.9                       R@1 0.5784  R@5 0.8350  R@10 0.8922 | vs base -0.86 CI[-1.40,-0.30] p=0.9987 | vs DCKF-Q -1.32 p=1.0000
  PRF k=10 beta=0.9                      R@1 0.5740  R@5 0.8266  R@10 0.8954 | vs base -1.30 CI[-1.90,-0.70] p=0.9999 | vs DCKF-Q -1.76 p=1.0000
  DCKF-Q + PRF k=3 beta=0.9              R@1 0.5826  R@5 0.8318  R@10 0.8916 | vs base -0.44 CI[-0.94,+0.06] p=0.9594 | vs DCKF-Q -0.90 p=0.9999

[CAP] gallery channel with blip_captions_flickr30k_k1k_1000_5.json; alpha sweep (alpha=0 is caption-only, 1.0 is baseline)
  gallery alpha=0.0  (caption-only)      R@1 0.2572  R@5 0.4446  R@10 0.5296 | vs base -32.99 CI[-34.62,-31.36] p=1.0000
  gallery alpha=0.3                      R@1 0.3420  R@5 0.5766  R@10 0.6672 | vs base -24.51 CI[-26.08,-22.92] p=1.0000
  gallery alpha=0.5                      R@1 0.4510  R@5 0.6988  R@10 0.7766 | vs base -13.61 CI[-15.10,-12.14] p=1.0000
  gallery alpha=0.7                      R@1 0.5548  R@5 0.7944  R@10 0.8658 | vs base -3.23 CI[-4.46,-2.00] p=1.0000
  gallery alpha=0.8                      R@1 0.5912  R@5 0.8328  R@10 0.8956 | vs base +0.41 CI[-0.66,+1.50] p=0.2320
  gallery alpha=0.9                      R@1 0.6112  R@5 0.8494  R@10 0.9042 | vs base +2.42 CI[+1.64,+3.22] p=0.0000
  gallery alpha=0.95                     R@1 0.6022  R@5 0.8446  R@10 0.9066 | vs base +1.52 CI[+0.96,+2.08] p=0.0000
  gallery alpha=1.0                      R@1 0.5886  R@5 0.8348  R@10 0.8998 | vs base +0.16 CI[+0.06,+0.28] p=0.0004

[GATE] cos(I_k, C_k): mean 0.275  quantiles 10/25/50/75% = 0.226/0.248/0.278/0.303
  caption gate: drop lowest 10% (thr 0.226) alpha=0.9 R@1 0.5810  R@5 0.8020  R@10 0.8562 | vs base -0.61 CI[-1.52,+0.32] p=0.9057 | vs C-ungated -3.02 p=1.0000
    + DCKF-Q (D gated 10%)               R@1 0.5812  R@5 0.8022  R@10 0.8578 | vs base -0.58 CI[-1.50,+0.32] p=0.8967 | vs C-ungated -3.00 p=1.0000
  caption gate: drop lowest 25% (thr 0.248) alpha=0.9 R@1 0.5270  R@5 0.7288  R@10 0.7884 | vs base -6.00 CI[-7.08,-4.92] p=1.0000 | vs C-ungated -8.42 p=1.0000
    + DCKF-Q (D gated 25%)               R@1 0.5272  R@5 0.7294  R@10 0.7878 | vs base -5.98 CI[-7.06,-4.90] p=1.0000 | vs C-ungated -8.40 p=1.0000
  caption gate: drop lowest 50% (thr 0.278) alpha=0.9 R@1 0.4342  R@5 0.6170  R@10 0.6870 | vs base -15.28 CI[-16.56,-14.00] p=1.0000 | vs C-ungated -17.70 p=1.0000
    + DCKF-Q (D gated 50%)               R@1 0.4328  R@5 0.6164  R@10 0.6876 | vs base -15.42 CI[-16.68,-14.14] p=1.0000 | vs C-ungated -17.84 p=1.0000
  caption gate: drop lowest 75% (thr 0.303) alpha=0.9 R@1 0.3364  R@5 0.5566  R@10 0.6744 | vs base -25.06 CI[-26.42,-23.74] p=1.0000 | vs C-ungated -27.48 p=1.0000
    + DCKF-Q (D gated 75%)               R@1 0.3346  R@5 0.5580  R@10 0.6754 | vs base -25.24 CI[-26.60,-23.90] p=1.0000 | vs C-ungated -27.66 p=1.0000
  D = DCKF-Q + gallery alpha=0.9 (ungated) R@1 0.6110  R@5 0.8494  R@10 0.9066 | vs base +2.40 CI[+1.60,+3.20] p=0.0000 | vs C-ungated -0.02 p=0.5790

wrote results/reviewer_flickr30k_k1k_1000_5.json
=== coco5k ===
Loaded cached features for 5000 images.
25000 queries over 5000 images (coco5k)

[Q] DCKF-Q reference and beta / k sweeps
  DCKF-Q beta=0.9 k=2 (ref; 23083 expanded) R@1 0.3048  R@5 0.5600  R@10 0.6691 | vs base +0.03 CI[-0.09,+0.15] p=0.3207
  DCKF-Q beta=0.5 k=2                    R@1 0.2996  R@5 0.5545  R@10 0.6653 | vs base -0.49 CI[-0.76,-0.22] p=0.9999
  DCKF-Q beta=0.7 k=2                    R@1 0.3043  R@5 0.5590  R@10 0.6690 | vs base -0.02 CI[-0.23,+0.19] p=0.5830
  DCKF-Q beta=0.8 k=2                    R@1 0.3055  R@5 0.5598  R@10 0.6688 | vs base +0.10 CI[-0.07,+0.27] p=0.1261
  DCKF-Q beta=0.95 k=2                   R@1 0.3048  R@5 0.5599  R@10 0.6694 | vs base +0.03 CI[-0.06,+0.12] p=0.2490
  DCKF-Q beta=1.0 k=2                    R@1 0.3045  R@5 0.5597  R@10 0.6688 | vs base +0.00 CI[+0.00,+0.00] p=1.0000
  DCKF-Q beta=0.9 k=1 (23083 expanded)   R@1 0.3050  R@5 0.5592  R@10 0.6693 | vs base +0.05 CI[-0.06,+0.15] p=0.2021
  DCKF-Q beta=0.9 k=3 (23083 expanded)   R@1 0.3058  R@5 0.5601  R@10 0.6695 | vs base +0.13 CI[+0.00,+0.26] p=0.0251
  DCKF-Q beta=0.9 k=4 (23083 expanded)   R@1 0.3056  R@5 0.5612  R@10 0.6697 | vs base +0.11 CI[-0.02,+0.24] p=0.0541

[PRF] pseudo-relevance feedback: query fused with centroid of top-k baseline images
  PRF k=1 beta=0.9                       R@1 0.3045  R@5 0.5412  R@10 0.6546 | vs base +0.00 CI[+0.00,+0.00] p=1.0000 | vs DCKF-Q -0.03 p=0.7025
  PRF k=3 beta=0.7                       R@1 0.2794  R@5 0.5317  R@10 0.6200 | vs base -2.51 CI[-2.86,-2.16] p=1.0000 | vs DCKF-Q -2.54 p=1.0000
  PRF k=3 beta=0.8                       R@1 0.2928  R@5 0.5401  R@10 0.6374 | vs base -1.17 CI[-1.46,-0.89] p=1.0000 | vs DCKF-Q -1.20 p=1.0000
  PRF k=3 beta=0.9                       R@1 0.3006  R@5 0.5494  R@10 0.6561 | vs base -0.39 CI[-0.59,-0.19] p=1.0000 | vs DCKF-Q -0.42 p=1.0000
  PRF k=3 beta=0.95                      R@1 0.3024  R@5 0.5548  R@10 0.6642 | vs base -0.21 CI[-0.36,-0.06] p=0.9983 | vs DCKF-Q -0.24 p=0.9996
  PRF k=5 beta=0.9                       R@1 0.2969  R@5 0.5584  R@10 0.6590 | vs base -0.76 CI[-1.00,-0.52] p=1.0000 | vs DCKF-Q -0.79 p=1.0000
  PRF k=10 beta=0.9                      R@1 0.2932  R@5 0.5456  R@10 0.6611 | vs base -1.13 CI[-1.39,-0.86] p=1.0000 | vs DCKF-Q -1.16 p=1.0000
  DCKF-Q + PRF k=3 beta=0.9              R@1 0.3010  R@5 0.5487  R@10 0.6564 | vs base -0.34 CI[-0.55,-0.14] p=0.9996 | vs DCKF-Q -0.38 p=1.0000

[CAP] gallery channel with blip_captions_coco5k_5000_5.json; alpha sweep (alpha=0 is caption-only, 1.0 is baseline)
  gallery alpha=0.0  (caption-only)      R@1 0.1987  R@5 0.3788  R@10 0.4744 | vs base -10.58 CI[-11.26,-9.91] p=1.0000
  gallery alpha=0.3                      R@1 0.2336  R@5 0.4464  R@10 0.5512 | vs base -7.08 CI[-7.72,-6.45] p=1.0000
  gallery alpha=0.5                      R@1 0.2845  R@5 0.5198  R@10 0.6258 | vs base -2.00 CI[-2.61,-1.40] p=1.0000
  gallery alpha=0.7                      R@1 0.3271  R@5 0.5839  R@10 0.6894 | vs base +2.26 CI[+1.73,+2.78] p=0.0000
  gallery alpha=0.8                      R@1 0.3369  R@5 0.5993  R@10 0.7043 | vs base +3.24 CI[+2.78,+3.69] p=0.0000
  gallery alpha=0.9                      R@1 0.3327  R@5 0.5937  R@10 0.7012 | vs base +2.82 CI[+2.47,+3.17] p=0.0000
  gallery alpha=0.95                     R@1 0.3226  R@5 0.5814  R@10 0.6892 | vs base +1.81 CI[+1.56,+2.07] p=0.0000
  gallery alpha=1.0                      R@1 0.3045  R@5 0.5595  R@10 0.6687 | vs base +0.00 CI[-0.03,+0.04] p=0.4582

[GATE] cos(I_k, C_k): mean 0.289  quantiles 10/25/50/75% = 0.245/0.268/0.290/0.313
  caption gate: drop lowest 10% (thr 0.245) alpha=0.9 R@1 0.3152  R@5 0.5591  R@10 0.6589 | vs base +1.07 CI[+0.69,+1.46] p=0.0000 | vs C-ungated -1.75 p=1.0000
    + DCKF-Q (D gated 10%)               R@1 0.3163  R@5 0.5600  R@10 0.6591 | vs base +1.18 CI[+0.80,+1.57] p=0.0000 | vs C-ungated -1.64 p=1.0000
  caption gate: drop lowest 25% (thr 0.268) alpha=0.9 R@1 0.2885  R@5 0.5025  R@10 0.5883 | vs base -1.60 CI[-2.03,-1.18] p=1.0000 | vs C-ungated -4.42 p=1.0000
    + DCKF-Q (D gated 25%)               R@1 0.2895  R@5 0.5026  R@10 0.5890 | vs base -1.50 CI[-1.93,-1.08] p=1.0000 | vs C-ungated -4.32 p=1.0000
  caption gate: drop lowest 50% (thr 0.290) alpha=0.9 R@1 0.2376  R@5 0.3975  R@10 0.4690 | vs base -6.69 CI[-7.18,-6.20] p=1.0000 | vs C-ungated -9.51 p=1.0000
    + DCKF-Q (D gated 50%)               R@1 0.2384  R@5 0.3975  R@10 0.4694 | vs base -6.61 CI[-7.10,-6.12] p=1.0000 | vs C-ungated -9.43 p=1.0000
  caption gate: drop lowest 75% (thr 0.313) alpha=0.9 R@1 0.1675  R@5 0.2944  R@10 0.3805 | vs base -13.69 CI[-14.22,-13.17] p=1.0000 | vs C-ungated -16.52 p=1.0000
    + DCKF-Q (D gated 75%)               R@1 0.1683  R@5 0.2938  R@10 0.3793 | vs base -13.61 CI[-14.14,-13.08] p=1.0000 | vs C-ungated -16.44 p=1.0000
  D = DCKF-Q + gallery alpha=0.9 (ungated) R@1 0.3337  R@5 0.5949  R@10 0.7022 | vs base +2.92 CI[+2.57,+3.26] p=0.0000 | vs C-ungated +0.10 p=0.0582

wrote results/reviewer_coco5k_5000_5.json
=== rsicd ===
Loaded cached features for 1093 images.
5465 queries over 1093 images (rsicd)

[Q] DCKF-Q reference and beta / k sweeps
  DCKF-Q beta=0.9 k=2 (ref; 5433 expanded) R@1 0.0556  R@5 0.1799  R@10 0.2822 | vs base +0.11 CI[-0.11,+0.33] p=0.1751
  DCKF-Q beta=0.5 k=2                    R@1 0.0549  R@5 0.1769  R@10 0.2827 | vs base +0.04 CI[-0.37,+0.46] p=0.4473
  DCKF-Q beta=0.7 k=2                    R@1 0.0560  R@5 0.1806  R@10 0.2845 | vs base +0.15 CI[-0.18,+0.48] p=0.2086
  DCKF-Q beta=0.8 k=2                    R@1 0.0562  R@5 0.1823  R@10 0.2840 | vs base +0.17 CI[-0.11,+0.44] p=0.1364
  DCKF-Q beta=0.95 k=2                   R@1 0.0543  R@5 0.1797  R@10 0.2820 | vs base -0.02 CI[-0.16,+0.13] p=0.6492
  DCKF-Q beta=1.0 k=2                    R@1 0.0545  R@5 0.1779  R@10 0.2798 | vs base +0.00 CI[+0.00,+0.00] p=1.0000
  DCKF-Q beta=0.9 k=1 (5433 expanded)    R@1 0.0547  R@5 0.1793  R@10 0.2814 | vs base +0.02 CI[-0.18,+0.22] p=0.4680
  DCKF-Q beta=0.9 k=3 (5433 expanded)    R@1 0.0560  R@5 0.1802  R@10 0.2816 | vs base +0.15 CI[-0.09,+0.38] p=0.1243
  DCKF-Q beta=0.9 k=4 (5433 expanded)    R@1 0.0554  R@5 0.1799  R@10 0.2827 | vs base +0.09 CI[-0.15,+0.33] p=0.2454

[PRF] pseudo-relevance feedback: query fused with centroid of top-k baseline images
  PRF k=1 beta=0.9                       R@1 0.0545  R@5 0.1760  R@10 0.2844 | vs base +0.00 CI[+0.00,+0.00] p=1.0000 | vs DCKF-Q -0.11 p=0.8656
  PRF k=3 beta=0.7                       R@1 0.0531  R@5 0.1766  R@10 0.2849 | vs base -0.14 CI[-0.57,+0.27] p=0.7604 | vs DCKF-Q -0.25 p=0.8868
  PRF k=3 beta=0.8                       R@1 0.0556  R@5 0.1766  R@10 0.2855 | vs base +0.11 CI[-0.26,+0.49] p=0.2983 | vs DCKF-Q +0.00 p=0.5137
  PRF k=3 beta=0.9                       R@1 0.0560  R@5 0.1791  R@10 0.2836 | vs base +0.15 CI[-0.15,+0.44] p=0.1644 | vs DCKF-Q +0.04 p=0.4225
  PRF k=3 beta=0.95                      R@1 0.0543  R@5 0.1793  R@10 0.2851 | vs base -0.02 CI[-0.20,+0.16] p=0.6048 | vs DCKF-Q -0.13 p=0.9001
  PRF k=5 beta=0.9                       R@1 0.0558  R@5 0.1791  R@10 0.2845 | vs base +0.13 CI[-0.20,+0.46] p=0.2402 | vs DCKF-Q +0.02 p=0.4738
  PRF k=10 beta=0.9                      R@1 0.0556  R@5 0.1788  R@10 0.2847 | vs base +0.11 CI[-0.26,+0.48] p=0.2863 | vs DCKF-Q +0.00 p=0.5148
  DCKF-Q + PRF k=3 beta=0.9              R@1 0.0580  R@5 0.1817  R@10 0.2873 | vs base +0.35 CI[+0.05,+0.64] p=0.0098 | vs DCKF-Q +0.24 p=0.0489

[CAP] gallery channel with blip_captions_rsicd_1093_5.json; alpha sweep (alpha=0 is caption-only, 1.0 is baseline)
  gallery alpha=0.0  (caption-only)      R@1 0.0313  R@5 0.0728  R@10 0.1089 | vs base -2.32 CI[-3.04,-1.57] p=1.0000
  gallery alpha=0.3                      R@1 0.0231  R@5 0.0772  R@10 0.1235 | vs base -3.14 CI[-3.84,-2.45] p=1.0000
  gallery alpha=0.5                      R@1 0.0276  R@5 0.0955  R@10 0.1491 | vs base -2.69 CI[-3.39,-2.01] p=1.0000
  gallery alpha=0.7                      R@1 0.0348  R@5 0.1195  R@10 0.1905 | vs base -1.97 CI[-2.62,-1.34] p=1.0000
  gallery alpha=0.8                      R@1 0.0403  R@5 0.1339  R@10 0.2205 | vs base -1.42 CI[-2.07,-0.79] p=1.0000
  gallery alpha=0.9                      R@1 0.0461  R@5 0.1565  R@10 0.2551 | vs base -0.84 CI[-1.35,-0.33] p=0.9997
  gallery alpha=0.95                     R@1 0.0527  R@5 0.1702  R@10 0.2701 | vs base -0.18 CI[-0.59,+0.22] p=0.8232
  gallery alpha=1.0                      R@1 0.0540  R@5 0.1773  R@10 0.2792 | vs base -0.05 CI[-0.15,+0.02] p=0.9497

[GATE] cos(I_k, C_k): mean 0.295  quantiles 10/25/50/75% = 0.252/0.273/0.298/0.319
  caption gate: drop lowest 10% (thr 0.252) alpha=0.9 R@1 0.0459  R@5 0.1515  R@10 0.2472 | vs base -0.86 CI[-1.39,-0.33] p=0.9992 | vs C-ungated -0.02 p=0.6077
    + DCKF-Q (D gated 10%)               R@1 0.0470  R@5 0.1537  R@10 0.2485 | vs base -0.75 CI[-1.28,-0.22] p=0.9968 | vs C-ungated +0.09 p=0.2483
  caption gate: drop lowest 25% (thr 0.273) alpha=0.9 R@1 0.0439  R@5 0.1418  R@10 0.2284 | vs base -1.06 CI[-1.59,-0.51] p=1.0000 | vs C-ungated -0.22 p=0.9231
    + DCKF-Q (D gated 25%)               R@1 0.0459  R@5 0.1429  R@10 0.2298 | vs base -0.86 CI[-1.41,-0.29] p=0.9993 | vs C-ungated -0.02 p=0.5619
  caption gate: drop lowest 50% (thr 0.298) alpha=0.9 R@1 0.0412  R@5 0.1323  R@10 0.2049 | vs base -1.33 CI[-1.88,-0.79] p=1.0000 | vs C-ungated -0.49 p=0.9876
    + DCKF-Q (D gated 50%)               R@1 0.0412  R@5 0.1328  R@10 0.2044 | vs base -1.33 CI[-1.90,-0.79] p=1.0000 | vs C-ungated -0.49 p=0.9861
  caption gate: drop lowest 75% (thr 0.319) alpha=0.9 R@1 0.0329  R@5 0.1034  R@10 0.1504 | vs base -2.16 CI[-2.74,-1.56] p=1.0000 | vs C-ungated -1.32 p=1.0000
    + DCKF-Q (D gated 75%)               R@1 0.0329  R@5 0.1028  R@10 0.1489 | vs base -2.16 CI[-2.76,-1.56] p=1.0000 | vs C-ungated -1.32 p=1.0000
  D = DCKF-Q + gallery alpha=0.9 (ungated) R@1 0.0470  R@5 0.1577  R@10 0.2560 | vs base -0.75 CI[-1.26,-0.22] p=0.9984 | vs C-ungated +0.09 p=0.1326

wrote results/reviewer_rsicd_1093_5.json
=== rsitmd ===
Loaded cached features for 452 images.
2260 queries over 452 images (rsitmd)

[Q] DCKF-Q reference and beta / k sweeps
  DCKF-Q beta=0.9 k=2 (ref; 2255 expanded) R@1 0.0894  R@5 0.2801  R@10 0.4310 | vs base +0.14 CI[-0.27,+0.58] p=0.3009
  DCKF-Q beta=0.5 k=2                    R@1 0.0801  R@5 0.2752  R@10 0.4350 | vs base -0.80 CI[-1.55,-0.04] p=0.9848
  DCKF-Q beta=0.7 k=2                    R@1 0.0836  R@5 0.2836  R@10 0.4305 | vs base -0.44 CI[-1.06,+0.18] p=0.9260
  DCKF-Q beta=0.8 k=2                    R@1 0.0889  R@5 0.2788  R@10 0.4314 | vs base +0.09 CI[-0.40,+0.58] p=0.3985
  DCKF-Q beta=0.95 k=2                   R@1 0.0885  R@5 0.2783  R@10 0.4314 | vs base +0.05 CI[-0.27,+0.35] p=0.4425
  DCKF-Q beta=1.0 k=2                    R@1 0.0881  R@5 0.2788  R@10 0.4314 | vs base +0.00 CI[+0.00,+0.00] p=1.0000
  DCKF-Q beta=0.9 k=1 (2255 expanded)    R@1 0.0867  R@5 0.2810  R@10 0.4319 | vs base -0.13 CI[-0.49,+0.22] p=0.8014
  DCKF-Q beta=0.9 k=3 (2255 expanded)    R@1 0.0876  R@5 0.2796  R@10 0.4305 | vs base -0.04 CI[-0.44,+0.40] p=0.6239
  DCKF-Q beta=0.9 k=4 (2255 expanded)    R@1 0.0876  R@5 0.2814  R@10 0.4341 | vs base -0.04 CI[-0.44,+0.35] p=0.6310

[PRF] pseudo-relevance feedback: query fused with centroid of top-k baseline images
  PRF k=1 beta=0.9                       R@1 0.0881  R@5 0.2779  R@10 0.4314 | vs base +0.00 CI[+0.00,+0.00] p=1.0000 | vs DCKF-Q -0.14 p=0.7688
  PRF k=3 beta=0.7                       R@1 0.0774  R@5 0.2739  R@10 0.4195 | vs base -1.06 CI[-1.90,-0.27] p=0.9952 | vs DCKF-Q -1.20 p=0.9974
  PRF k=3 beta=0.8                       R@1 0.0841  R@5 0.2801  R@10 0.4252 | vs base -0.40 CI[-1.11,+0.31] p=0.8804 | vs DCKF-Q -0.53 p=0.9333
  PRF k=3 beta=0.9                       R@1 0.0876  R@5 0.2765  R@10 0.4327 | vs base -0.04 CI[-0.58,+0.49] p=0.5941 | vs DCKF-Q -0.18 p=0.7432
  PRF k=3 beta=0.95                      R@1 0.0867  R@5 0.2765  R@10 0.4323 | vs base -0.13 CI[-0.49,+0.22] p=0.7881 | vs DCKF-Q -0.27 p=0.8683
  PRF k=5 beta=0.9                       R@1 0.0872  R@5 0.2827  R@10 0.4354 | vs base -0.09 CI[-0.71,+0.49] p=0.6384 | vs DCKF-Q -0.22 p=0.7788
  PRF k=10 beta=0.9                      R@1 0.0867  R@5 0.2752  R@10 0.4367 | vs base -0.14 CI[-0.75,+0.49] p=0.6906 | vs DCKF-Q -0.27 p=0.8105
  DCKF-Q + PRF k=3 beta=0.9              R@1 0.0889  R@5 0.2774  R@10 0.4367 | vs base +0.09 CI[-0.44,+0.62] p=0.4070 | vs DCKF-Q -0.05 p=0.5918

[CAP] gallery channel with blip_captions_rsitmd_452_5.json; alpha sweep (alpha=0 is caption-only, 1.0 is baseline)
  gallery alpha=0.0  (caption-only)      R@1 0.0327  R@5 0.0788  R@10 0.1243 | vs base -5.54 CI[-6.90,-4.20] p=1.0000
  gallery alpha=0.3                      R@1 0.0296  R@5 0.0934  R@10 0.1491 | vs base -5.85 CI[-7.21,-4.51] p=1.0000
  gallery alpha=0.5                      R@1 0.0354  R@5 0.1217  R@10 0.1916 | vs base -5.27 CI[-6.59,-3.98] p=1.0000
  gallery alpha=0.7                      R@1 0.0531  R@5 0.1717  R@10 0.2783 | vs base -3.51 CI[-4.78,-2.26] p=1.0000
  gallery alpha=0.8                      R@1 0.0646  R@5 0.2053  R@10 0.3332 | vs base -2.35 CI[-3.54,-1.15] p=1.0000
  gallery alpha=0.9                      R@1 0.0757  R@5 0.2496  R@10 0.3956 | vs base -1.24 CI[-2.30,-0.22] p=0.9919
  gallery alpha=0.95                     R@1 0.0854  R@5 0.2726  R@10 0.4217 | vs base -0.27 CI[-0.97,+0.44] p=0.7934
  gallery alpha=1.0                      R@1 0.0881  R@5 0.2792  R@10 0.4323 | vs base +0.00 CI[+0.00,+0.00] p=1.0000

[GATE] cos(I_k, C_k): mean 0.295  quantiles 10/25/50/75% = 0.246/0.275/0.298/0.318
  caption gate: drop lowest 10% (thr 0.246) alpha=0.9 R@1 0.0752  R@5 0.2429  R@10 0.3761 | vs base -1.29 CI[-2.39,-0.22] p=0.9909 | vs C-ungated -0.05 p=0.5827
    + DCKF-Q (D gated 10%)               R@1 0.0774  R@5 0.2425  R@10 0.3788 | vs base -1.07 CI[-2.17,+0.04] p=0.9740 | vs C-ungated +0.18 p=0.3349
  caption gate: drop lowest 25% (thr 0.275) alpha=0.9 R@1 0.0721  R@5 0.2288  R@10 0.3491 | vs base -1.60 CI[-2.70,-0.49] p=0.9981 | vs C-ungated -0.35 p=0.8304
    + DCKF-Q (D gated 25%)               R@1 0.0757  R@5 0.2274  R@10 0.3491 | vs base -1.24 CI[-2.35,-0.13] p=0.9855 | vs C-ungated +0.00 p=0.5195
  caption gate: drop lowest 50% (thr 0.298) alpha=0.9 R@1 0.0686  R@5 0.1898  R@10 0.2969 | vs base -1.96 CI[-3.14,-0.80] p=0.9996 | vs C-ungated -0.71 p=0.8944
    + DCKF-Q (D gated 50%)               R@1 0.0681  R@5 0.1876  R@10 0.2982 | vs base -2.00 CI[-3.19,-0.84] p=0.9996 | vs C-ungated -0.76 p=0.9082
  caption gate: drop lowest 75% (thr 0.318) alpha=0.9 R@1 0.0513  R@5 0.1513  R@10 0.2102 | vs base -3.68 CI[-4.96,-2.43] p=1.0000 | vs C-ungated -2.44 p=0.9999
    + DCKF-Q (D gated 75%)               R@1 0.0522  R@5 0.1513  R@10 0.2119 | vs base -3.59 CI[-4.87,-2.35] p=1.0000 | vs C-ungated -2.35 p=0.9998
  D = DCKF-Q + gallery alpha=0.9 (ungated) R@1 0.0788  R@5 0.2491  R@10 0.3951 | vs base -0.93 CI[-1.99,+0.13] p=0.9610 | vs C-ungated +0.31 p=0.0366

wrote results/reviewer_rsitmd_452_5.json
=== ucm ===
Loaded cached features for 210 images.
1050 queries over 210 images (ucm)

[Q] DCKF-Q reference and beta / k sweeps
  DCKF-Q beta=0.9 k=2 (ref; 1049 expanded) R@1 0.0886  R@5 0.3638  R@10 0.6029 | vs base +0.19 CI[-0.19,+0.57] p=0.2224
  DCKF-Q beta=0.5 k=2                    R@1 0.0886  R@5 0.3724  R@10 0.6124 | vs base +0.20 CI[-0.86,+1.33] p=0.3943
  DCKF-Q beta=0.7 k=2                    R@1 0.0895  R@5 0.3724  R@10 0.6105 | vs base +0.29 CI[-0.57,+1.14] p=0.2876
  DCKF-Q beta=0.8 k=2                    R@1 0.0914  R@5 0.3648  R@10 0.6086 | vs base +0.48 CI[-0.19,+1.24] p=0.1112
  DCKF-Q beta=0.95 k=2                   R@1 0.0867  R@5 0.3638  R@10 0.6029 | vs base +0.00 CI[-0.29,+0.29] p=0.6540
  DCKF-Q beta=1.0 k=2                    R@1 0.0867  R@5 0.3638  R@10 0.6019 | vs base +0.00 CI[+0.00,+0.00] p=1.0000
  DCKF-Q beta=0.9 k=1 (1049 expanded)    R@1 0.0876  R@5 0.3638  R@10 0.6057 | vs base +0.10 CI[-0.19,+0.48] p=0.3859
  DCKF-Q beta=0.9 k=3 (1049 expanded)    R@1 0.0886  R@5 0.3648  R@10 0.6048 | vs base +0.19 CI[-0.29,+0.67] p=0.2710
  DCKF-Q beta=0.9 k=4 (1049 expanded)    R@1 0.0876  R@5 0.3629  R@10 0.6095 | vs base +0.10 CI[-0.48,+0.67] p=0.4325

[PRF] pseudo-relevance feedback: query fused with centroid of top-k baseline images
  PRF k=1 beta=0.9                       R@1 0.0867  R@5 0.3629  R@10 0.6057 | vs base +0.00 CI[+0.00,+0.00] p=1.0000 | vs DCKF-Q -0.19 p=0.9056
  PRF k=3 beta=0.7                       R@1 0.0876  R@5 0.3743  R@10 0.6257 | vs base +0.10 CI[-1.14,+1.33] p=0.4670 | vs DCKF-Q -0.09 p=0.5868
  PRF k=3 beta=0.8                       R@1 0.0867  R@5 0.3762  R@10 0.6219 | vs base +0.00 CI[-1.05,+1.05] p=0.5352 | vs DCKF-Q -0.19 p=0.6695
  PRF k=3 beta=0.9                       R@1 0.0848  R@5 0.3733  R@10 0.6114 | vs base -0.19 CI[-0.95,+0.57] p=0.7181 | vs DCKF-Q -0.38 p=0.8527
  PRF k=3 beta=0.95                      R@1 0.0848  R@5 0.3724  R@10 0.6057 | vs base -0.19 CI[-0.67,+0.29] p=0.8110 | vs DCKF-Q -0.38 p=0.9256
  PRF k=5 beta=0.9                       R@1 0.0848  R@5 0.3581  R@10 0.6048 | vs base -0.19 CI[-0.95,+0.57] p=0.7222 | vs DCKF-Q -0.38 p=0.8454
  PRF k=10 beta=0.9                      R@1 0.0924  R@5 0.3505  R@10 0.6048 | vs base +0.57 CI[-0.29,+1.43] p=0.1135 | vs DCKF-Q +0.38 p=0.2212
  DCKF-Q + PRF k=3 beta=0.9              R@1 0.0848  R@5 0.3781  R@10 0.6162 | vs base -0.19 CI[-1.05,+0.67] p=0.7097 | vs DCKF-Q -0.38 p=0.8572

[CAP] gallery channel with blip_captions_ucm_210_5.json; alpha sweep (alpha=0 is caption-only, 1.0 is baseline)
  gallery alpha=0.0  (caption-only)      R@1 0.1029  R@5 0.2790  R@10 0.3610 | vs base +1.62 CI[-0.86,+4.10] p=0.1109
  gallery alpha=0.3                      R@1 0.0714  R@5 0.2790  R@10 0.4038 | vs base -1.52 CI[-3.81,+0.67] p=0.9148
  gallery alpha=0.5                      R@1 0.0733  R@5 0.3057  R@10 0.4610 | vs base -1.33 CI[-3.52,+0.76] p=0.8968
  gallery alpha=0.7                      R@1 0.0848  R@5 0.3362  R@10 0.5400 | vs base -0.20 CI[-2.29,+1.90] p=0.5950
  gallery alpha=0.8                      R@1 0.0838  R@5 0.3552  R@10 0.5990 | vs base -0.29 CI[-2.29,+1.71] p=0.6361
  gallery alpha=0.9                      R@1 0.0800  R@5 0.3848  R@10 0.6324 | vs base -0.68 CI[-2.38,+1.05] p=0.8016
  gallery alpha=0.95                     R@1 0.0829  R@5 0.3857  R@10 0.6286 | vs base -0.39 CI[-1.81,+1.05] p=0.7300
  gallery alpha=1.0                      R@1 0.0867  R@5 0.3638  R@10 0.6029 | vs base +0.00 CI[+0.00,+0.00] p=1.0000

[GATE] cos(I_k, C_k): mean 0.287  quantiles 10/25/50/75% = 0.244/0.265/0.287/0.310
  caption gate: drop lowest 10% (thr 0.244) alpha=0.9 R@1 0.0752  R@5 0.3724  R@10 0.5857 | vs base -1.15 CI[-2.95,+0.57] p=0.9075 | vs C-ungated -0.48 p=0.9421
    + DCKF-Q (D gated 10%)               R@1 0.0733  R@5 0.3705  R@10 0.5838 | vs base -1.34 CI[-3.14,+0.38] p=0.9350 | vs C-ungated -0.67 p=0.9629
  caption gate: drop lowest 25% (thr 0.265) alpha=0.9 R@1 0.0762  R@5 0.3552  R@10 0.5352 | vs base -1.06 CI[-2.86,+0.76] p=0.8823 | vs C-ungated -0.38 p=0.8311
    + DCKF-Q (D gated 25%)               R@1 0.0752  R@5 0.3533  R@10 0.5343 | vs base -1.15 CI[-2.95,+0.67] p=0.8970 | vs C-ungated -0.48 p=0.8438
  caption gate: drop lowest 50% (thr 0.287) alpha=0.9 R@1 0.0781  R@5 0.3086  R@10 0.4210 | vs base -0.86 CI[-2.67,+0.86] p=0.8443 | vs C-ungated -0.18 p=0.6226
    + DCKF-Q (D gated 50%)               R@1 0.0771  R@5 0.3095  R@10 0.4190 | vs base -0.95 CI[-2.76,+0.76] p=0.8657 | vs C-ungated -0.28 p=0.6605
  caption gate: drop lowest 75% (thr 0.310) alpha=0.9 R@1 0.0571  R@5 0.2143  R@10 0.3124 | vs base -2.96 CI[-4.67,-1.33] p=0.9997 | vs C-ungated -2.28 p=0.9941
    + DCKF-Q (D gated 75%)               R@1 0.0581  R@5 0.2152  R@10 0.3124 | vs base -2.86 CI[-4.57,-1.24] p=0.9996 | vs C-ungated -2.18 p=0.9910
  D = DCKF-Q + gallery alpha=0.9 (ungated) R@1 0.0771  R@5 0.3838  R@10 0.6305 | vs base -0.96 CI[-2.67,+0.76] p=0.8809 | vs C-ungated -0.28 p=0.9094

wrote results/reviewer_ucm_210_5.json
=== nwpu ===
Loaded cached features for 3150 images.
15750 queries over 3150 images (nwpu)

[Q] DCKF-Q reference and beta / k sweeps
  DCKF-Q beta=0.9 k=2 (ref; 15649 expanded) R@1 0.0243  R@5 0.0987  R@10 0.1691 | vs base +0.05 CI[-0.03,+0.13] p=0.1073
  DCKF-Q beta=0.5 k=2                    R@1 0.0251  R@5 0.0986  R@10 0.1686 | vs base +0.13 CI[-0.07,+0.31] p=0.1011
  DCKF-Q beta=0.7 k=2                    R@1 0.0254  R@5 0.1003  R@10 0.1697 | vs base +0.16 CI[+0.01,+0.31] p=0.0208
  DCKF-Q beta=0.8 k=2                    R@1 0.0243  R@5 0.0999  R@10 0.1692 | vs base +0.04 CI[-0.07,+0.16] p=0.2468
  DCKF-Q beta=0.95 k=2                   R@1 0.0237  R@5 0.0989  R@10 0.1688 | vs base -0.01 CI[-0.06,+0.04] p=0.6517
  DCKF-Q beta=1.0 k=2                    R@1 0.0238  R@5 0.0990  R@10 0.1686 | vs base +0.00 CI[+0.00,+0.00] p=1.0000
  DCKF-Q beta=0.9 k=1 (15649 expanded)   R@1 0.0245  R@5 0.0991  R@10 0.1694 | vs base +0.07 CI[-0.01,+0.15] p=0.0436
  DCKF-Q beta=0.9 k=3 (15649 expanded)   R@1 0.0243  R@5 0.0984  R@10 0.1698 | vs base +0.04 CI[-0.04,+0.13] p=0.1879
  DCKF-Q beta=0.9 k=4 (15649 expanded)   R@1 0.0244  R@5 0.0991  R@10 0.1707 | vs base +0.06 CI[-0.03,+0.16] p=0.1141

[PRF] pseudo-relevance feedback: query fused with centroid of top-k baseline images
  PRF k=1 beta=0.9                       R@1 0.0238  R@5 0.0971  R@10 0.1713 | vs base +0.00 CI[+0.00,+0.00] p=1.0000 | vs DCKF-Q -0.05 p=0.9194
  PRF k=3 beta=0.7                       R@1 0.0248  R@5 0.0988  R@10 0.1677 | vs base +0.10 CI[-0.10,+0.30] p=0.1775 | vs DCKF-Q +0.05 p=0.3384
  PRF k=3 beta=0.8                       R@1 0.0255  R@5 0.0997  R@10 0.1691 | vs base +0.17 CI[+0.01,+0.33] p=0.0197 | vs DCKF-Q +0.12 p=0.0731
  PRF k=3 beta=0.9                       R@1 0.0247  R@5 0.0986  R@10 0.1723 | vs base +0.09 CI[-0.03,+0.20] p=0.0695 | vs DCKF-Q +0.04 p=0.2714
  PRF k=3 beta=0.95                      R@1 0.0242  R@5 0.0998  R@10 0.1717 | vs base +0.04 CI[-0.04,+0.12] p=0.2037 | vs DCKF-Q -0.01 p=0.6353
  PRF k=5 beta=0.9                       R@1 0.0254  R@5 0.1000  R@10 0.1717 | vs base +0.16 CI[+0.03,+0.29] p=0.0128 | vs DCKF-Q +0.11 p=0.0607
  PRF k=10 beta=0.9                      R@1 0.0250  R@5 0.0999  R@10 0.1713 | vs base +0.12 CI[-0.02,+0.26] p=0.0530 | vs DCKF-Q +0.07 p=0.1779
  DCKF-Q + PRF k=3 beta=0.9              R@1 0.0251  R@5 0.0997  R@10 0.1720 | vs base +0.13 CI[+0.01,+0.25] p=0.0220 | vs DCKF-Q +0.08 p=0.0969

[CAP] gallery channel with blip_captions_nwpu_3150_5.json; alpha sweep (alpha=0 is caption-only, 1.0 is baseline)
  gallery alpha=0.0  (caption-only)      R@1 0.0145  R@5 0.0399  R@10 0.0644 | vs base -0.93 CI[-1.23,-0.63] p=1.0000
  gallery alpha=0.3                      R@1 0.0123  R@5 0.0426  R@10 0.0696 | vs base -1.16 CI[-1.44,-0.88] p=1.0000
  gallery alpha=0.5                      R@1 0.0159  R@5 0.0523  R@10 0.0853 | vs base -0.79 CI[-1.08,-0.50] p=1.0000
  gallery alpha=0.7                      R@1 0.0184  R@5 0.0653  R@10 0.1088 | vs base -0.54 CI[-0.83,-0.25] p=0.9998
  gallery alpha=0.8                      R@1 0.0198  R@5 0.0740  R@10 0.1296 | vs base -0.40 CI[-0.69,-0.11] p=0.9973
  gallery alpha=0.9                      R@1 0.0233  R@5 0.0872  R@10 0.1499 | vs base -0.05 CI[-0.30,+0.20] p=0.6633
  gallery alpha=0.95                     R@1 0.0246  R@5 0.0943  R@10 0.1616 | vs base +0.08 CI[-0.13,+0.28] p=0.2369
  gallery alpha=1.0                      R@1 0.0237  R@5 0.0990  R@10 0.1686 | vs base -0.01 CI[-0.04,+0.01] p=0.9061

[GATE] cos(I_k, C_k): mean 0.290  quantiles 10/25/50/75% = 0.246/0.269/0.291/0.312
  caption gate: drop lowest 10% (thr 0.246) alpha=0.9 R@1 0.0224  R@5 0.0862  R@10 0.1462 | vs base -0.14 CI[-0.39,+0.12] p=0.8671 | vs C-ungated -0.09 p=0.9890
    + DCKF-Q (D gated 10%)               R@1 0.0221  R@5 0.0867  R@10 0.1462 | vs base -0.17 CI[-0.43,+0.09] p=0.9117 | vs C-ungated -0.12 p=0.9886
  caption gate: drop lowest 25% (thr 0.269) alpha=0.9 R@1 0.0217  R@5 0.0820  R@10 0.1397 | vs base -0.21 CI[-0.47,+0.05] p=0.9483 | vs C-ungated -0.16 p=0.9947
    + DCKF-Q (D gated 25%)               R@1 0.0217  R@5 0.0820  R@10 0.1399 | vs base -0.22 CI[-0.48,+0.04] p=0.9542 | vs C-ungated -0.17 p=0.9919
  caption gate: drop lowest 50% (thr 0.291) alpha=0.9 R@1 0.0197  R@5 0.0731  R@10 0.1234 | vs base -0.41 CI[-0.67,-0.16] p=0.9994 | vs C-ungated -0.36 p=0.9998
    + DCKF-Q (D gated 50%)               R@1 0.0195  R@5 0.0731  R@10 0.1234 | vs base -0.43 CI[-0.69,-0.18] p=0.9995 | vs C-ungated -0.38 p=1.0000
  caption gate: drop lowest 75% (thr 0.312) alpha=0.9 R@1 0.0170  R@5 0.0600  R@10 0.0973 | vs base -0.69 CI[-0.96,-0.41] p=1.0000 | vs C-ungated -0.64 p=1.0000
    + DCKF-Q (D gated 75%)               R@1 0.0173  R@5 0.0599  R@10 0.0980 | vs base -0.65 CI[-0.92,-0.37] p=1.0000 | vs C-ungated -0.60 p=1.0000
  D = DCKF-Q + gallery alpha=0.9 (ungated) R@1 0.0228  R@5 0.0881  R@10 0.1497 | vs base -0.10 CI[-0.35,+0.15] p=0.7952 | vs C-ungated -0.05 p=0.9268

wrote results/reviewer_nwpu_3150_5.json
=== rsicd large_aerial ===
Loaded cached features for 1093 images.
5465 queries over 1093 images (rsicd)

[Q] DCKF-Q reference and beta / k sweeps
  DCKF-Q beta=0.9 k=2 (ref; 5433 expanded) R@1 0.0556  R@5 0.1799  R@10 0.2822 | vs base +0.11 CI[-0.11,+0.33] p=0.1751
  DCKF-Q beta=0.5 k=2                    R@1 0.0549  R@5 0.1769  R@10 0.2827 | vs base +0.04 CI[-0.37,+0.46] p=0.4473
  DCKF-Q beta=0.7 k=2                    R@1 0.0560  R@5 0.1806  R@10 0.2845 | vs base +0.15 CI[-0.18,+0.48] p=0.2086
  DCKF-Q beta=0.8 k=2                    R@1 0.0562  R@5 0.1823  R@10 0.2840 | vs base +0.17 CI[-0.11,+0.44] p=0.1364
  DCKF-Q beta=0.95 k=2                   R@1 0.0543  R@5 0.1797  R@10 0.2820 | vs base -0.02 CI[-0.16,+0.13] p=0.6492
  DCKF-Q beta=1.0 k=2                    R@1 0.0545  R@5 0.1779  R@10 0.2798 | vs base +0.00 CI[+0.00,+0.00] p=1.0000
  DCKF-Q beta=0.9 k=1 (5433 expanded)    R@1 0.0547  R@5 0.1793  R@10 0.2814 | vs base +0.02 CI[-0.18,+0.22] p=0.4680
  DCKF-Q beta=0.9 k=3 (5433 expanded)    R@1 0.0560  R@5 0.1802  R@10 0.2816 | vs base +0.15 CI[-0.09,+0.38] p=0.1243
  DCKF-Q beta=0.9 k=4 (5433 expanded)    R@1 0.0554  R@5 0.1799  R@10 0.2827 | vs base +0.09 CI[-0.15,+0.33] p=0.2454

[PRF] pseudo-relevance feedback: query fused with centroid of top-k baseline images
  PRF k=1 beta=0.9                       R@1 0.0545  R@5 0.1760  R@10 0.2844 | vs base +0.00 CI[+0.00,+0.00] p=1.0000 | vs DCKF-Q -0.11 p=0.8656
  PRF k=3 beta=0.7                       R@1 0.0531  R@5 0.1766  R@10 0.2849 | vs base -0.14 CI[-0.57,+0.27] p=0.7604 | vs DCKF-Q -0.25 p=0.8868
  PRF k=3 beta=0.8                       R@1 0.0556  R@5 0.1766  R@10 0.2855 | vs base +0.11 CI[-0.26,+0.49] p=0.2983 | vs DCKF-Q +0.00 p=0.5137
  PRF k=3 beta=0.9                       R@1 0.0560  R@5 0.1791  R@10 0.2836 | vs base +0.15 CI[-0.15,+0.44] p=0.1644 | vs DCKF-Q +0.04 p=0.4225
  PRF k=3 beta=0.95                      R@1 0.0543  R@5 0.1793  R@10 0.2851 | vs base -0.02 CI[-0.20,+0.16] p=0.6048 | vs DCKF-Q -0.13 p=0.9001
  PRF k=5 beta=0.9                       R@1 0.0558  R@5 0.1791  R@10 0.2845 | vs base +0.13 CI[-0.20,+0.46] p=0.2402 | vs DCKF-Q +0.02 p=0.4738
  PRF k=10 beta=0.9                      R@1 0.0556  R@5 0.1788  R@10 0.2847 | vs base +0.11 CI[-0.26,+0.48] p=0.2863 | vs DCKF-Q +0.00 p=0.5148
  DCKF-Q + PRF k=3 beta=0.9              R@1 0.0580  R@5 0.1817  R@10 0.2873 | vs base +0.35 CI[+0.05,+0.64] p=0.0098 | vs DCKF-Q +0.24 p=0.0489

[CAP] gallery channel with blip_captions_rsicd_1093_5_large_aerial.json; alpha sweep (alpha=0 is caption-only, 1.0 is baseline)
  gallery alpha=0.0  (caption-only)      R@1 0.0225  R@5 0.0920  R@10 0.1449 | vs base -3.19 CI[-3.92,-2.45] p=1.0000
  gallery alpha=0.3                      R@1 0.0201  R@5 0.0937  R@10 0.1656 | vs base -3.43 CI[-4.12,-2.74] p=1.0000
  gallery alpha=0.5                      R@1 0.0304  R@5 0.1255  R@10 0.2060 | vs base -2.41 CI[-3.09,-1.76] p=1.0000
  gallery alpha=0.7                      R@1 0.0441  R@5 0.1552  R@10 0.2496 | vs base -1.04 CI[-1.67,-0.40] p=0.9996
  gallery alpha=0.8                      R@1 0.0545  R@5 0.1678  R@10 0.2748 | vs base +0.01 CI[-0.57,+0.57] p=0.5045
  gallery alpha=0.9                      R@1 0.0586  R@5 0.1779  R@10 0.2917 | vs base +0.41 CI[-0.04,+0.86] p=0.0420
  gallery alpha=0.95                     R@1 0.0571  R@5 0.1799  R@10 0.2855 | vs base +0.26 CI[-0.07,+0.59] p=0.0658
  gallery alpha=1.0                      R@1 0.0540  R@5 0.1773  R@10 0.2792 | vs base -0.05 CI[-0.15,+0.02] p=0.9497

[GATE] cos(I_k, C_k): mean 0.305  quantiles 10/25/50/75% = 0.262/0.284/0.307/0.326
  caption gate: drop lowest 10% (thr 0.262) alpha=0.9 R@1 0.0562  R@5 0.1744  R@10 0.2823 | vs base +0.17 CI[-0.29,+0.64] p=0.2476 | vs C-ungated -0.24 p=0.9997
    + DCKF-Q (D gated 10%)               R@1 0.0578  R@5 0.1746  R@10 0.2796 | vs base +0.33 CI[-0.13,+0.81] p=0.0828 | vs C-ungated -0.07 p=0.7607
  caption gate: drop lowest 25% (thr 0.284) alpha=0.9 R@1 0.0536  R@5 0.1636  R@10 0.2659 | vs base -0.09 CI[-0.57,+0.38] p=0.6570 | vs C-ungated -0.49 p=0.9997
    + DCKF-Q (D gated 25%)               R@1 0.0554  R@5 0.1649  R@10 0.2642 | vs base +0.09 CI[-0.40,+0.57] p=0.3622 | vs C-ungated -0.31 p=0.9776
  caption gate: drop lowest 50% (thr 0.307) alpha=0.9 R@1 0.0511  R@5 0.1466  R@10 0.2293 | vs base -0.34 CI[-0.88,+0.18] p=0.9077 | vs C-ungated -0.75 p=0.9997
    + DCKF-Q (D gated 50%)               R@1 0.0525  R@5 0.1471  R@10 0.2276 | vs base -0.20 CI[-0.73,+0.31] p=0.7856 | vs C-ungated -0.60 p=0.9962
  caption gate: drop lowest 75% (thr 0.326) alpha=0.9 R@1 0.0370  R@5 0.1059  R@10 0.1608 | vs base -1.75 CI[-2.34,-1.19] p=1.0000 | vs C-ungated -2.16 p=1.0000
    + DCKF-Q (D gated 75%)               R@1 0.0384  R@5 0.1069  R@10 0.1612 | vs base -1.61 CI[-2.20,-1.04] p=1.0000 | vs C-ungated -2.01 p=1.0000
  D = DCKF-Q + gallery alpha=0.9 (ungated) R@1 0.0604  R@5 0.1775  R@10 0.2886 | vs base +0.59 CI[+0.13,+1.04] p=0.0062 | vs C-ungated +0.18 p=0.0277

wrote results/reviewer_rsicd_1093_5_large_aerial.json
=== rsicd aerial (BLIP-base prompted) ===
Loaded cached features for 1093 images.
5465 queries over 1093 images (rsicd)

[Q] DCKF-Q reference and beta / k sweeps
  DCKF-Q beta=0.9 k=2 (ref; 5433 expanded) R@1 0.0556  R@5 0.1799  R@10 0.2822 | vs base +0.11 CI[-0.11,+0.33] p=0.1751
  DCKF-Q beta=0.5 k=2                    R@1 0.0549  R@5 0.1769  R@10 0.2827 | vs base +0.04 CI[-0.37,+0.46] p=0.4473
  DCKF-Q beta=0.7 k=2                    R@1 0.0560  R@5 0.1806  R@10 0.2845 | vs base +0.15 CI[-0.18,+0.48] p=0.2086
  DCKF-Q beta=0.8 k=2                    R@1 0.0562  R@5 0.1823  R@10 0.2840 | vs base +0.17 CI[-0.11,+0.44] p=0.1364
  DCKF-Q beta=0.95 k=2                   R@1 0.0543  R@5 0.1797  R@10 0.2820 | vs base -0.02 CI[-0.16,+0.13] p=0.6492
  DCKF-Q beta=1.0 k=2                    R@1 0.0545  R@5 0.1779  R@10 0.2798 | vs base +0.00 CI[+0.00,+0.00] p=1.0000
  DCKF-Q beta=0.9 k=1 (5433 expanded)    R@1 0.0547  R@5 0.1793  R@10 0.2814 | vs base +0.02 CI[-0.18,+0.22] p=0.4680
  DCKF-Q beta=0.9 k=3 (5433 expanded)    R@1 0.0560  R@5 0.1802  R@10 0.2816 | vs base +0.15 CI[-0.09,+0.38] p=0.1243
  DCKF-Q beta=0.9 k=4 (5433 expanded)    R@1 0.0554  R@5 0.1799  R@10 0.2827 | vs base +0.09 CI[-0.15,+0.33] p=0.2454

[PRF] pseudo-relevance feedback: query fused with centroid of top-k baseline images
  PRF k=1 beta=0.9                       R@1 0.0545  R@5 0.1760  R@10 0.2844 | vs base +0.00 CI[+0.00,+0.00] p=1.0000 | vs DCKF-Q -0.11 p=0.8656
  PRF k=3 beta=0.7                       R@1 0.0531  R@5 0.1766  R@10 0.2849 | vs base -0.14 CI[-0.57,+0.27] p=0.7604 | vs DCKF-Q -0.25 p=0.8868
  PRF k=3 beta=0.8                       R@1 0.0556  R@5 0.1766  R@10 0.2855 | vs base +0.11 CI[-0.26,+0.49] p=0.2983 | vs DCKF-Q +0.00 p=0.5137
  PRF k=3 beta=0.9                       R@1 0.0560  R@5 0.1791  R@10 0.2836 | vs base +0.15 CI[-0.15,+0.44] p=0.1644 | vs DCKF-Q +0.04 p=0.4225
  PRF k=3 beta=0.95                      R@1 0.0543  R@5 0.1793  R@10 0.2851 | vs base -0.02 CI[-0.20,+0.16] p=0.6048 | vs DCKF-Q -0.13 p=0.9001
  PRF k=5 beta=0.9                       R@1 0.0558  R@5 0.1791  R@10 0.2845 | vs base +0.13 CI[-0.20,+0.46] p=0.2402 | vs DCKF-Q +0.02 p=0.4738
  PRF k=10 beta=0.9                      R@1 0.0556  R@5 0.1788  R@10 0.2847 | vs base +0.11 CI[-0.26,+0.48] p=0.2863 | vs DCKF-Q +0.00 p=0.5148
  DCKF-Q + PRF k=3 beta=0.9              R@1 0.0580  R@5 0.1817  R@10 0.2873 | vs base +0.35 CI[+0.05,+0.64] p=0.0098 | vs DCKF-Q +0.24 p=0.0489

[CAP] gallery channel with blip_captions_rsicd_1093_5_aerial.json; alpha sweep (alpha=0 is caption-only, 1.0 is baseline)
  gallery alpha=0.0  (caption-only)      R@1 0.0655  R@5 0.1354  R@10 0.1727 | vs base +1.10 CI[+0.24,+1.96] p=0.0070
  gallery alpha=0.3                      R@1 0.0271  R@5 0.1016  R@10 0.1652 | vs base -2.74 CI[-3.42,-2.09] p=1.0000
  gallery alpha=0.5                      R@1 0.0368  R@5 0.1231  R@10 0.2013 | vs base -1.77 CI[-2.42,-1.13] p=1.0000
  gallery alpha=0.7                      R@1 0.0445  R@5 0.1499  R@10 0.2366 | vs base -1.00 CI[-1.57,-0.44] p=0.9999
  gallery alpha=0.8                      R@1 0.0492  R@5 0.1616  R@10 0.2558 | vs base -0.52 CI[-1.04,-0.02] p=0.9816
  gallery alpha=0.9                      R@1 0.0538  R@5 0.1733  R@10 0.2754 | vs base -0.07 CI[-0.48,+0.33] p=0.6545
  gallery alpha=0.95                     R@1 0.0556  R@5 0.1786  R@10 0.2769 | vs base +0.11 CI[-0.20,+0.42] p=0.2548
  gallery alpha=1.0                      R@1 0.0540  R@5 0.1773  R@10 0.2792 | vs base -0.05 CI[-0.15,+0.02] p=0.9497

[GATE] cos(I_k, C_k): mean 0.304  quantiles 10/25/50/75% = 0.266/0.286/0.306/0.323
  caption gate: drop lowest 10% (thr 0.266) alpha=0.9 R@1 0.0540  R@5 0.1683  R@10 0.2681 | vs base -0.05 CI[-0.48,+0.37] p=0.6098 | vs C-ungated +0.02 p=0.4646
    + DCKF-Q (D gated 10%)               R@1 0.0547  R@5 0.1671  R@10 0.2670 | vs base +0.02 CI[-0.40,+0.46] p=0.4754 | vs C-ungated +0.09 p=0.2379
  caption gate: drop lowest 25% (thr 0.286) alpha=0.9 R@1 0.0511  R@5 0.1605  R@10 0.2554 | vs base -0.34 CI[-0.79,+0.09] p=0.9448 | vs C-ungated -0.28 p=0.9893
    + DCKF-Q (D gated 25%)               R@1 0.0512  R@5 0.1618  R@10 0.2538 | vs base -0.33 CI[-0.77,+0.11] p=0.9349 | vs C-ungated -0.26 p=0.9708
  caption gate: drop lowest 50% (thr 0.306) alpha=0.9 R@1 0.0467  R@5 0.1435  R@10 0.2187 | vs base -0.78 CI[-1.30,-0.27] p=0.9988 | vs C-ungated -0.71 p=0.9999
    + DCKF-Q (D gated 50%)               R@1 0.0467  R@5 0.1438  R@10 0.2183 | vs base -0.78 CI[-1.30,-0.27] p=0.9986 | vs C-ungated -0.72 p=0.9998
  caption gate: drop lowest 75% (thr 0.323) alpha=0.9 R@1 0.0377  R@5 0.1050  R@10 0.1491 | vs base -1.68 CI[-2.25,-1.12] p=1.0000 | vs C-ungated -1.61 p=1.0000
    + DCKF-Q (D gated 75%)               R@1 0.0373  R@5 0.1045  R@10 0.1475 | vs base -1.71 CI[-2.31,-1.15] p=1.0000 | vs C-ungated -1.65 p=1.0000
  D = DCKF-Q + gallery alpha=0.9 (ungated) R@1 0.0547  R@5 0.1722  R@10 0.2761 | vs base +0.02 CI[-0.38,+0.42] p=0.4717 | vs C-ungated +0.09 p=0.1217

wrote results/reviewer_rsicd_1093_5_aerial.json
E29_DONE
