### tau flickr30k legacy
Loaded cached features for 1000 images.
flickr30k: 5000 queries, 1000 images, cache: expansions_flickr30k_1000_5.json

   tau   n_kept      R@1     dR@1   95% CI                p(<=0)
  0.40     4342   59.56%    +0.34   [+0.08, +0.64]        0.0080
  0.45     4342   59.56%    +0.34   [+0.08, +0.64]        0.0080
  0.50     4342   59.56%    +0.34   [+0.08, +0.64]        0.0080
  0.55     3882   59.48%    +0.26   [+0.00, +0.54]        0.0266
  0.60     3237   59.54%    +0.32   [+0.08, +0.58]        0.0054
  0.65     2496   59.48%    +0.26   [+0.02, +0.52]        0.0198
  0.70     1670   59.34%    +0.12   [-0.08, +0.34]        0.1452
  0.75      919   59.40%    +0.18   [+0.02, +0.36]        0.0170
### tau rsicd
Loaded cached features for 1093 images.
rsicd: 5465 queries, 1093 images, cache: expansions_rsicd_1093_5.json

   tau   n_kept      R@1     dR@1   95% CI                p(<=0)
  0.40     5458    5.58%    +0.18   [-0.02, +0.40]        0.0492
  0.45     5458    5.58%    +0.18   [-0.02, +0.40]        0.0492
  0.50     5458    5.58%    +0.18   [-0.02, +0.40]        0.0492
  0.55     5433    5.58%    +0.18   [-0.02, +0.40]        0.0492
  0.60     5374    5.60%    +0.20   [+0.00, +0.40]        0.0320
  0.65     5196    5.58%    +0.18   [-0.02, +0.38]        0.0442
  0.70     4794    5.53%    +0.13   [-0.05, +0.33]        0.1084
  0.75     3811    5.42%    +0.02   [-0.13, +0.18]        0.4570
TAU_DONE
